// Jest Snapshot v1, https://goo.gl/fbAQLP

exports[`<Search /> should render correctly 1`] = `
<div
  className="search"
>
  <button
    className="magnifierButton"
    data-testid="button"
    onClick={[Function]}
  >
    <div
      className="magnifier"
    >
      <img
        alt="magnifier"
        src="magnifier.svg"
      />
    </div>
  </button>
  <div
    className="animate"
    data-testid="animate"
  >
    <input
      className="input"
      data-testid="input"
      onChange={[Function]}
      placeholder="Title, people, genres"
      type="text"
    />
  </div>
</div>
`;
